Last login: Thu Nov 22 02:07:13 on console
Mds-MacBook-Pro-2:~ mdhasan$ cd desktop
Mds-MacBook-Pro-2:desktop mdhasan$ cd selenium
Mds-MacBook-Pro-2:selenium mdhasan$ git clone --single-branch -b githubhasan https://github.com/Jahidul2543/HomeWorkWeekNov2018.git
Cloning into 'HomeWorkWeekNov2018'...
remote: Enumerating objects: 3, done.
remote: Counting objects: 100% (3/3), done.
remote: Total 3 (delta 0), reused 3 (delta 0), pack-reused 0
Unpacking objects: 100% (3/3), done.
Mds-MacBook-Pro-2:selenium mdhasan$ git sttatus
git: 'sttatus' is not a git command. See 'git --help'.

The most similar command is
	status
Mds-MacBook-Pro-2:selenium mdhasan$ git status
fatal: not a git repository (or any of the parent directories): .git
Mds-MacBook-Pro-2:selenium mdhasan$ clear






Mds-MacBook-Pro-2:selenium mdhasan$ git status
fatal: not a git repository (or any of the parent directories): .git
Mds-MacBook-Pro-2:selenium mdhasan$ git init
Initialized empty Git repository in /Users/mdhasan/Desktop/selenium/.git/
Mds-MacBook-Pro-2:selenium mdhasan$ git clone --single-branch -b githubhasan https://github.com/Jahidul2543/HomeWorkWeekNov2018.git
fatal: destination path 'HomeWorkWeekNov2018' already exists and is not an empty directory.
Mds-MacBook-Pro-2:selenium mdhasan$ ls
GoToTraining 000.png
GoToTraining 001.png
GoToTraining 002.png
GoToTraining 003.png
GoToTraining 004.png
GoToTraining 005.png
GoToTraining 006.png
GoToTraining 007.png
HomeWorkWeekNov2018
HomeWorkWeekdaysNov2018_Hasan
Myapp.class
Myapp.java
Screen Shot 2018-11-20 at 10.38.09 PM.png
javabasic
untitled
Mds-MacBook-Pro-2:selenium mdhasan$ cd HomeWorkWeekdaysNov2018_Hasan
Mds-MacBook-Pro-2:HomeWorkWeekdaysNov2018_Hasan mdhasan$ ls
HomeWorkWeekdaysNov2018_Hasan.txt
Mds-MacBook-Pro-2:HomeWorkWeekdaysNov2018_Hasan mdhasan$ git status
On branch master

No commits yet

Untracked files:
  (use "git add <file>..." to include in what will be committed)

	../.bash_profile
	../GoToTraining 000.png
	../GoToTraining 001.png
	../GoToTraining 002.png
	../GoToTraining 003.png
	../GoToTraining 004.png
	../GoToTraining 005.png
	../GoToTraining 006.png
	../GoToTraining 007.png
	../HomeWorkWeekNov2018/
	./
	../Myapp.class
	../Myapp.java
	../Screen Shot 2018-11-20 at 10.38.09 PM.png
	../javabasic/
	../untitled/

nothing added to commit but untracked files present (use "git add" to track)
Mds-MacBook-Pro-2:HomeWorkWeekdaysNov2018_Hasan mdhasan$ git add.
git: 'add.' is not a git command. See 'git --help'.

The most similar command is
	add
Mds-MacBook-Pro-2:HomeWorkWeekdaysNov2018_Hasan mdhasan$ ls
HomeWorkWeekdaysNov2018_Hasan.txt
Mds-MacBook-Pro-2:HomeWorkWeekdaysNov2018_Hasan mdhasan$ git add.
git: 'add.' is not a git command. See 'git --help'.

The most similar command is
	add
Mds-MacBook-Pro-2:HomeWorkWeekdaysNov2018_Hasan mdhasan$ git add .
Mds-MacBook-Pro-2:HomeWorkWeekdaysNov2018_Hasan mdhasan$ git status
On branch master

No commits yet

Changes to be committed:
  (use "git rm --cached <file>..." to unstage)

	new file:   .HomeWorkWeekdaysNov2017.save
	new file:   HomeWorkWeekdaysNov2018_Hasan.txt

Untracked files:
  (use "git add <file>..." to include in what will be committed)

	../.bash_profile
	../GoToTraining 000.png
	../GoToTraining 001.png
	../GoToTraining 002.png
	../GoToTraining 003.png
	../GoToTraining 004.png
	../GoToTraining 005.png
	../GoToTraining 006.png
	../GoToTraining 007.png
	../HomeWorkWeekNov2018/
	../Myapp.class
	../Myapp.java
	../Screen Shot 2018-11-20 at 10.38.09 PM.png
	../javabasic/
	../untitled/

Mds-MacBook-Pro-2:HomeWorkWeekdaysNov2018_Hasan mdhasan$ ls
HomeWorkWeekdaysNov2018_Hasan.txt
Mds-MacBook-Pro-2:HomeWorkWeekdaysNov2018_Hasan mdhasan$ git add .
fatal: not a git repository (or any of the parent directories): .git
Mds-MacBook-Pro-2:HomeWorkWeekdaysNov2018_Hasan mdhasan$ git status
fatal: not a git repository (or any of the parent directories): .git
Mds-MacBook-Pro-2:HomeWorkWeekdaysNov2018_Hasan mdhasan$ git clone --single-branch -b githubhasan https://github.com/Jahidul2543/HomeWorkWeekNov2018.git
Cloning into 'HomeWorkWeekNov2018'...
remote: Enumerating objects: 3, done.
remote: Counting objects: 100% (3/3), done.
remote: Total 3 (delta 0), reused 3 (delta 0), pack-reused 0
Unpacking objects: 100% (3/3), done.
Mds-MacBook-Pro-2:HomeWorkWeekdaysNov2018_Hasan mdhasan$ ls
HomeWorkWeekNov2018			HomeWorkWeekdaysNov2018_Hasan.txt
Mds-MacBook-Pro-2:HomeWorkWeekdaysNov2018_Hasan mdhasan$ git status
fatal: not a git repository (or any of the parent directories): .git
Mds-MacBook-Pro-2:HomeWorkWeekdaysNov2018_Hasan mdhasan$ git status on branch githubhasan
fatal: not a git repository (or any of the parent directories): .git
Mds-MacBook-Pro-2:HomeWorkWeekdaysNov2018_Hasan mdhasan$ git add .
fatal: not a git repository (or any of the parent directories): .git
Mds-MacBook-Pro-2:HomeWorkWeekdaysNov2018_Hasan mdhasan$ git commit -a
fatal: not a git repository (or any of the parent directories): .git
Mds-MacBook-Pro-2:HomeWorkWeekdaysNov2018_Hasan mdhasan$ git commit -m "second commit"
fatal: not a git repository (or any of the parent directories): .git
Mds-MacBook-Pro-2:HomeWorkWeekdaysNov2018_Hasan mdhasan$ git push 
fatal: not a git repository (or any of the parent directories): .git
Mds-MacBook-Pro-2:HomeWorkWeekdaysNov2018_Hasan mdhasan$ git push -
fatal: not a git repository (or any of the parent directories): .git
Mds-MacBook-Pro-2:HomeWorkWeekdaysNov2018_Hasan mdhasan$ git push -u origin githubhasan
fatal: not a git repository (or any of the parent directories): .git
Mds-MacBook-Pro-2:HomeWorkWeekdaysNov2018_Hasan mdhasan$ clear

Mds-MacBook-Pro-2:HomeWorkWeekdaysNov2018_Hasan mdhasan$ git status
fatal: not a git repository (or any of the parent directories): .git
Mds-MacBook-Pro-2:HomeWorkWeekdaysNov2018_Hasan mdhasan$ cd..
-bash: cd..: command not found
Mds-MacBook-Pro-2:HomeWorkWeekdaysNov2018_Hasan mdhasan$ cd..
-bash: cd..: command not found
Mds-MacBook-Pro-2:HomeWorkWeekdaysNov2018_Hasan mdhasan$ cd..
-bash: cd..: command not found
Mds-MacBook-Pro-2:HomeWorkWeekdaysNov2018_Hasan mdhasan$ cd
Mds-MacBook-Pro-2:~ mdhasan$ cd desktop
Mds-MacBook-Pro-2:desktop mdhasan$ cd selenium
Mds-MacBook-Pro-2:selenium mdhasan$ cd HomeWorkWeekdaysNov2018_Hasan
Mds-MacBook-Pro-2:HomeWorkWeekdaysNov2018_Hasan mdhasan$ ls
HomeWorkWeekdaysNov2018_Hasan.txt
Mds-MacBook-Pro-2:HomeWorkWeekdaysNov2018_Hasan mdhasan$ git add .
Mds-MacBook-Pro-2:HomeWorkWeekdaysNov2018_Hasan mdhasan$ git status
On branch master

No commits yet

Changes to be committed:
  (use "git rm --cached <file>..." to unstage)

	new file:   .HomeWorkWeekdaysNov2017.save
	new file:   HomeWorkWeekdaysNov2018_Hasan.txt

Untracked files:
  (use "git add <file>..." to include in what will be committed)

	../.bash_profile

Mds-MacBook-Pro-2:HomeWorkWeekdaysNov2018_Hasan mdhasan$ get commit -m "second commit"
-bash: get: command not found
Mds-MacBook-Pro-2:HomeWorkWeekdaysNov2018_Hasan mdhasan$ get commit -m
-bash: get: command not found
Mds-MacBook-Pro-2:HomeWorkWeekdaysNov2018_Hasan mdhasan$ git push -u origin githubhasan
error: src refspec githubhasan does not match any.
error: failed to push some refs to 'origin'
Mds-MacBook-Pro-2:HomeWorkWeekdaysNov2018_Hasan mdhasan$ clear

Mds-MacBook-Pro-2:HomeWorkWeekdaysNov2018_Hasan mdhasan$ cd
Mds-MacBook-Pro-2:~ mdhasan$ cd
Mds-MacBook-Pro-2:~ mdhasan$ cd deskyop
-bash: cd: deskyop: No such file or directory
Mds-MacBook-Pro-2:~ mdhasan$ cd desktop
Mds-MacBook-Pro-2:desktop mdhasan$ cd selenium
Mds-MacBook-Pro-2:selenium mdhasan$ cd
Mds-MacBook-Pro-2:~ mdhasan$ mkdr HomeWorkWeekdaysFall2018
-bash: mkdr: command not found
Mds-MacBook-Pro-2:~ mdhasan$ cd selenium
-bash: cd: selenium: No such file or directory
Mds-MacBook-Pro-2:~ mdhasan$ cd
Mds-MacBook-Pro-2:~ mdhasan$ cd selenium
-bash: cd: selenium: No such file or directory
Mds-MacBook-Pro-2:~ mdhasan$ cls
-bash: cls: command not found
Mds-MacBook-Pro-2:~ mdhasan$ clear







Mds-MacBook-Pro-2:~ mdhasan$ cd desktop
Mds-MacBook-Pro-2:desktop mdhasan$ cd selenium
Mds-MacBook-Pro-2:selenium mdhasan$ cd HomeWorkWeekdaysFall2018
Mds-MacBook-Pro-2:HomeWorkWeekdaysFall2018 mdhasan$ ls
Mds-MacBook-Pro-2:HomeWorkWeekdaysFall2018 mdhasan$ ls
HomeWorkWeekdaysFall2018.txt
Mds-MacBook-Pro-2:HomeWorkWeekdaysFall2018 mdhasan$ git clone --single-branch -b githubhasan https://github.com/Jahidul2543/HomeWorkWeekdaysFall2018.git
Cloning into 'HomeWorkWeekdaysFall2018'...
Username for 'https://github.com': githubhasan
Password for 'https://githubhasan@github.com': 
remote: Repository not found.
fatal: repository 'https://github.com/Jahidul2543/HomeWorkWeekdaysFall2018.git/' not found
Mds-MacBook-Pro-2:HomeWorkWeekdaysFall2018 mdhasan$ git clone --single-branch -b githubhasan https://github.com/Jahidul2543/HomeWorkWeekNov2018.git
Cloning into 'HomeWorkWeekNov2018'...
remote: Enumerating objects: 3, done.
remote: Counting objects: 100% (3/3), done.
remote: Total 3 (delta 0), reused 3 (delta 0), pack-reused 0
Unpacking objects: 100% (3/3), done.
Mds-MacBook-Pro-2:HomeWorkWeekdaysFall2018 mdhasan$ ls
HomeWorkWeekNov2018		HomeWorkWeekdaysFall2018.txt
Mds-MacBook-Pro-2:HomeWorkWeekdaysFall2018 mdhasan$ cd HomeWorkWeekNov2018/
Mds-MacBook-Pro-2:HomeWorkWeekNov2018 mdhasan$ ls
Homework.txt
Mds-MacBook-Pro-2:HomeWorkWeekNov2018 mdhasan$ git status
On branch githubhasan
Your branch is up to date with 'origin/githubhasan'.

nothing to commit, working tree clean
Mds-MacBook-Pro-2:HomeWorkWeekNov2018 mdhasan$ ls
Homework.txt
Mds-MacBook-Pro-2:HomeWorkWeekNov2018 mdhasan$ git status
On branch githubhasan
Your branch is up to date with 'origin/githubhasan'.

nothing to commit, working tree clean
Mds-MacBook-Pro-2:HomeWorkWeekNov2018 mdhasan$ git add .
Mds-MacBook-Pro-2:HomeWorkWeekNov2018 mdhasan$ git status
On branch githubhasan
Your branch is up to date with 'origin/githubhasan'.

nothing to commit, working tree clean
Mds-MacBook-Pro-2:HomeWorkWeekNov2018 mdhasan$ git commit -m "second commit"
On branch githubhasan
Your branch is up to date with 'origin/githubhasan'.

nothing to commit, working tree clean
Mds-MacBook-Pro-2:HomeWorkWeekNov2018 mdhasan$ git push -u origin github
error: src refspec github does not match any.
error: failed to push some refs to 'https://github.com/Jahidul2543/HomeWorkWeekNov2018.git'
Mds-MacBook-Pro-2:HomeWorkWeekNov2018 mdhasan$ nano HomeWorkWeekdaysFall2018.txt
 
  GNU nano 2.0.6        File: HomeWorkWeekdaysFall2018.txt            Modified  

I Shall Submit All Homework In The Branch Of Githubhasan


















                        [ XOFF ignored, mumble mumble ]
^G Get Help  ^O WriteOut  ^R Read File ^Y Prev Page ^K Cut Text  ^C Cur Pos
^X Exit      ^J Justify   ^W Where Is  ^V Next Page ^U UnCut Text^T To Spell
